// Jest Snapshot v1, https://goo.gl/fbAQLP

exports[`Avatar renders correctly 1`] = `
<div
  className="sc-bdVaJa cijffQ"
  style={null}
>
  <span
    className="sc-bwzfXH cREbSS"
  >
    J
  </span>
  <span
    className="sc-bwzfXH cREbSS"
  >
    D
  </span>
</div>
`;
