// Jest Snapshot v1, https://goo.gl/fbAQLP

exports[`Arrow renders correctly 1`] = `
<div
  className="sc-bdVaJa fJIgxE"
  hidden={false}
>
  <span />
</div>
`;
