// Jest Snapshot v1, https://goo.gl/fbAQLP

exports[`Progress renders correctly 1`] = `
<svg
  height={10}
  viewBox="0 0 10 10"
  width={10}
>
  <circle
    cx={5}
    cy={5}
    fill="white"
    r={3}
    stroke="#dce9fa"
    strokeWidth={4}
  />
  <circle
    cx={5}
    cy={5}
    fill="transparent"
    r={3}
    stroke="#fcac42"
    strokeWidth={4}
    style={
      Object {
        "strokeDasharray": 18.84955592153876,
        "strokeDashoffset": 14.137166941154069,
        "strokeLinecap": "round",
        "strokeLinejoin": "round",
      }
    }
    transform="rotate(-90 5 5)"
  />
  <text
    dy=".3em"
    style={
      Object {
        "fill": "#3151aa",
        "fontWeight": 600,
      }
    }
    textAnchor="middle"
    x="50%"
    y="50%"
  >
    1
  </text>
</svg>
`;
