// Jest Snapshot v1, https://goo.gl/fbAQLP

exports[`Col renders correctly 1`] = `
<div
  className="sc-bxivhb ebuZvZ"
  span={null}
  style={null}
/>
`;
