// Jest Snapshot v1, https://goo.gl/fbAQLP

exports[`Row renders correctly 1`] = `
<div
  className="sc-htpNat ijfjEc"
  style={null}
/>
`;
