// Jest Snapshot v1, https://goo.gl/fbAQLP

exports[`Switch renders correctly 1`] = `
<label
  className="sc-bdVaJa jBqTSZ"
>
  <input
    className="sc-bwzfXH gbvsbZ"
    disabled={false}
    onChange={[Function]}
    type="checkbox"
  />
  <span
    className="sc-htpNat kLbBuw"
  />
</label>
`;
